LexToken(LET,'let',1,0)
LexToken(CHARACTER,'f',1,4)
LexToken(EQ,':=',1,6)
LexToken(MAP,'map',1,9)
LexToken(CHARACTER,'n',1,13)
LexToken(TO,'to',1,15)
LexToken(IF,'if',1,18)
LexToken(CHARACTER,'n',1,21)
LexToken(OPERATOR,'==',1,23)
LexToken(DIGIT,'0',1,26)
LexToken(THEN,'then',1,28)
LexToken(DIGIT,'1',1,33)
LexToken(DIGIT,'2',1,34)
LexToken(ELSE,'else',1,36)
LexToken(CHARACTER,'n',1,41)
LexToken(OPERATOR,'*',1,43)
LexToken(CHARACTER,'f',1,45)
LexToken(OPEN_PAREN,'(',1,46)
LexToken(CHARACTER,'n',1,47)
LexToken(MINUS,'-',1,49)
LexToken(DIGIT,'1',1,51)
LexToken(CLOSE_PAREN,')',1,52)
LexToken(SEMI_COLON,';',1,53)
